******************************************************************************
                  TI ARM Linker PC v20.2.7                     
******************************************************************************
>> Linked Thu Sep  7 10:55:46 2023

OUTPUT FILE NAME:   <Data_Transfer_Project_V6.out>
ENTRY POINT SYMBOL: "_c_int00_noargs"  address: 00000eb1


MEMORY CONFIGURATION

         name            origin    length      used     unused   attr    fill
----------------------  --------  ---------  --------  --------  ----  --------
  FLASH                 00000000   00040000  00001406  0003ebfa  R  X
  SRAM                  20000000   00008000  00000495  00007b6b  RW X


SEGMENT ALLOCATION MAP

run origin  load origin   length   init length attrs members
----------  ----------- ---------- ----------- ----- -------
00000000    00000000    00001408   00001408    r-x
  00000000    00000000    0000026c   0000026c    r-- .intvecs
  0000026c    0000026c    00000e2a   00000e2a    r-x .text
  00001098    00001098    00000328   00000328    r-- .const
  000013c0    000013c0    00000048   00000048    r-- .cinit
20000000    20000000    00000498   00000000    rw-
  20000000    20000000    0000026c   00000000    rw- .vtable
  2000026c    2000026c    00000001   00000000    rw- .bss
  20000270    20000270    00000200   00000000    rw- .stack
  20000470    20000470    00000028   00000000    rw- .data


SECTION ALLOCATION MAP

 output                                  attributes/
section   page    origin      length       input sections
--------  ----  ----------  ----------   ----------------
.intvecs   0    00000000    0000026c     
                  00000000    0000026c     tm4c123gh6pm_startup_ccs.obj (.intvecs)

.text      0    0000026c    00000e2a     
                  0000026c    000002c4     Data_Transfer_program.obj (.text)
                  00000530    00000188     Chat_program.obj (.text)
                  000006b8    0000016c     driverlib.lib : gpio.obj (.text:GPIOPadConfigSet)
                  00000824    00000118                   : sysctl.obj (.text:SysCtlClockGet)
                  0000093c    000000f0     button.obj (.text)
                  00000a2c    000000c4     LEDs.obj (.text)
                  00000af0    0000009c     rtsv7M4_T_le_v4SPD16_eabi.lib : memcpy_t2.asm.obj (.text)
                  00000b8c    00000068     driverlib.lib : interrupt.obj (.text:IntEnable)
                  00000bf4    00000068     rtsv7M4_T_le_v4SPD16_eabi.lib : copy_decompress_lzss.c.obj (.text:decompress:lzss:__TI_decompress_lzss)
                  00000c5c    00000058     driverlib.lib : gpio.obj (.text:GPIOIntTypeSet)
                  00000cb4    0000004c                   : gpio.obj (.text:GPIOPinConfigure)
                  00000d00    00000046                   : uart.obj (.text:UARTConfigSetExpClk)
                  00000d46    00000002     --HOLE-- [fill = 0]
                  00000d48    00000044                   : gpio.obj (.text:_GPIOIntNumberGet)
                  00000d8c    00000044     rtsv7M4_T_le_v4SPD16_eabi.lib : autoinit.c.obj (.text:__TI_auto_init_nobinit_nopinit:__TI_auto_init_nobinit_nopinit)
                  00000dd0    00000040     driverlib.lib : uart.obj (.text:_UARTIntNumberGet)
                  00000e10    00000038                   : sysctl.obj (.text:SysCtlPeripheralReady)
                  00000e48    00000034                   : interrupt.obj (.text:IntRegister)
                  00000e7c    00000034                   : sysctl.obj (.text:SysCtlPeripheralEnable)
                  00000eb0    00000034     rtsv7M4_T_le_v4SPD16_eabi.lib : boot_cortex_m.c.obj (.text:_c_int00_noargs:_c_int00_noargs)
                  00000ee4    0000002c     driverlib.lib : gpio.obj (.text:GPIODirModeSet)
                  00000f10    00000020                   : uart.obj (.text:UARTDisable)
                  00000f30    0000001c     rtsv7M4_T_le_v4SPD16_eabi.lib : copy_zero_init.c.obj (.text:decompress:ZI:__TI_zero_init_nomemset:__TI_zero_init_nomemset)
                  00000f4c    0000001a     driverlib.lib : gpio.obj (.text:GPIOPinTypeGPIOOutput)
                  00000f66    00000018                   : gpio.obj (.text:GPIOIntRegister)
                  00000f7e    00000002     --HOLE-- [fill = 0]
                  00000f80    00000018                   : gpio.obj (.text:GPIOUnlockPin)
                  00000f98    00000018                   : uart.obj (.text:UARTIntRegister)
                  00000fb0    00000016                   : gpio.obj (.text:GPIOPinTypeGPIOInput)
                  00000fc6    00000016                   : gpio.obj (.text:GPIOPinTypeUART)
                  00000fdc    00000014                   : uart.obj (.text:UARTEnable)
                  00000ff0    00000010                   : interrupt.obj (.text:IntMasterEnable)
                  00001000    0000000e                   : uart.obj (.text:UARTCharGetNonBlocking)
                  0000100e    0000000e                   : uart.obj (.text:UARTCharsAvail)
                  0000101c    0000000e     rtsv7M4_T_le_v4SPD16_eabi.lib : copy_decompress_none.c.obj (.text:decompress:none:__TI_decompress_none)
                  0000102a    0000000c     driverlib.lib : cpu.obj (.text:CPUcpsie)
                  00001036    0000000c                   : gpio.obj (.text:GPIOIntEnable)
                  00001042    0000000c     tm4c123gh6pm_startup_ccs.obj (.text)
                  0000104e    0000000a     driverlib.lib : uart.obj (.text:UARTCharGet)
                  00001058    0000000a                   : uart.obj (.text:UARTCharPut)
                  00001062    0000000a                   : uart.obj (.text:UARTFIFODisable)
                  0000106c    0000000a     main.obj (.text)
                  00001076    00000008     driverlib.lib : uart.obj (.text:UARTIntEnable)
                  0000107e    00000006                   : gpio.obj (.text:GPIOIntClear)
                  00001084    00000006                   : gpio.obj (.text:GPIOPinWrite)
                  0000108a    00000004                   : uart.obj (.text:UARTIntClear)
                  0000108e    00000004     rtsv7M4_T_le_v4SPD16_eabi.lib : pre_init.c.obj (.text:_system_pre_init)
                  00001092    00000004                                   : exit.c.obj (.text:abort:abort)

.const     0    00001098    00000328     
                  00001098    000000d8     driverlib.lib : gpio.obj (.const:g_ppui32GPIOIntMapSnowflake)
                  00001170    000000c0                   : gpio.obj (.const:g_ppui32GPIOIntMapBlizzard)
                  00001230    00000090                   : gpio.obj (.const:g_pui32GPIOBaseAddrs)
                  000012c0    0000006c                   : sysctl.obj (.const:g_pui32Xtals)
                  0000132c    00000040                   : uart.obj (.const:g_ppui32UARTIntMap)
                  0000136c    00000040                   : uart.obj (.const:g_ppui32UARTIntMapSnowflake)
                  000013ac    00000014                   : interrupt.obj (.const:g_pui32EnRegs)

.cinit     0    000013c0    00000048     
                  000013c0    00000014     (.cinit..data.load) [load image, compression = lzss]
                  000013d4    0000000c     (__TI_handler_table)
                  000013e0    00000008     (.cinit..bss.load) [load image, compression = zero_init]
                  000013e8    00000008     (.cinit..vtable.load) [load image, compression = zero_init]
                  000013f0    00000018     (__TI_cinit_table)

.init_array 
*          0    00000000    00000000     UNINITIALIZED

.vtable    0    20000000    0000026c     UNINITIALIZED
                  20000000    0000026c     driverlib.lib : interrupt.obj (.vtable)

.bss       0    2000026c    00000001     UNINITIALIZED
                  2000026c    00000001     (.common:Button_State)

.data      0    20000470    00000028     UNINITIALIZED
                  20000470    0000000f     Data_Transfer_program.obj (.data:RecievedBufferPC)
                  2000047f    00000001     --HOLE--
                  20000480    0000000c     Chat_program.obj (.data:arrFun)
                  2000048c    00000005     Data_Transfer_program.obj (.data)
                  20000491    00000003     --HOLE--
                  20000494    00000004     button.obj (.data)

.stack     0    20000270    00000200     UNINITIALIZED
                  20000270    00000004     rtsv7M4_T_le_v4SPD16_eabi.lib : boot_cortex_m.c.obj (.stack)
                  20000274    000001fc     --HOLE--

__llvm_prf_cnts 
*          0    20000000    00000000     UNINITIALIZED

MODULE SUMMARY

       Module                         code   ro data   rw data
       ------                         ----   -------   -------
    .\
       tm4c123gh6pm_startup_ccs.obj   12     620       0      
       main.obj                       10     0         0      
    +--+------------------------------+------+---------+---------+
       Total:                         22     620       0      
                                                              
    .\APP\SRC\
       Chat_program.obj               392    0         13     
    +--+------------------------------+------+---------+---------+
       Total:                         392    0         13     
                                                              
    .\HAL\
       button.obj                     240    0         4      
       LEDs.obj                       196    0         0      
    +--+------------------------------+------+---------+---------+
       Total:                         436    0         4      
                                                              
    .\HAL\Data_Transfer\SRC\
       Data_Transfer_program.obj      708    0         20     
    +--+------------------------------+------+---------+---------+
       Total:                         708    0         20     
                                                              
    C:/ti/TivaWare_C_Series-2.2.0.295/driverlib/ccs/Debug/driverlib.lib
       gpio.obj                       782    552       0      
       interrupt.obj                  172    20        620    
       sysctl.obj                     388    108       0      
       uart.obj                       280    128       0      
       cpu.obj                        12     0         0      
    +--+------------------------------+------+---------+---------+
       Total:                         1634   808       620    
                                                              
    C:\ti\ccs1240\ccs\tools\compiler\ti-cgt-arm_20.2.7.LTS\lib\rtsv7M4_T_le_v4SPD16_eabi.lib
       memcpy_t2.asm.obj              156    0         0      
       copy_decompress_lzss.c.obj     104    0         0      
       autoinit.c.obj                 68     0         0      
       boot_cortex_m.c.obj            52     0         0      
       copy_zero_init.c.obj           28     0         0      
       copy_decompress_none.c.obj     14     0         0      
       exit.c.obj                     4      0         0      
       pre_init.c.obj                 4      0         0      
    +--+------------------------------+------+---------+---------+
       Total:                         430    0         0      
                                                              
       Stack:                         0      0         512    
       Linker Generated:              0      72        0      
    +--+------------------------------+------+---------+---------+
       Grand Total:                   3622   1500      1169   


LINKER GENERATED COPY TABLES

__TI_cinit_table @ 000013f0 records: 3, size/record: 8, table size: 24
	.data: load addr=000013c0, load size=00000014 bytes, run addr=20000470, run size=00000028 bytes, compression=lzss
	.bss: load addr=000013e0, load size=00000008 bytes, run addr=2000026c, run size=00000001 bytes, compression=zero_init
	.vtable: load addr=000013e8, load size=00000008 bytes, run addr=20000000, run size=0000026c bytes, compression=zero_init


LINKER GENERATED HANDLER TABLE

__TI_handler_table @ 000013d4 records: 3, size/record: 4, table size: 12
	index: 0, handler: __TI_zero_init
	index: 1, handler: __TI_decompress_lzss
	index: 2, handler: __TI_decompress_none


GLOBAL SYMBOLS: SORTED ALPHABETICALLY BY Name 

address   name                          
-------   ----                          
00000a89  BLUE_LED                      
2000026c  Button_State                  
00001093  C$$EXIT                       
0000102b  CPUcpsie                      
00000611  Chat_Run                      
0000043b  Data_Transfer_Handler         
00000ee5  GPIODirModeSet                
00000a03  GPIOF_Handler                 
0000107f  GPIOIntClear                  
00001037  GPIOIntEnable                 
00000f67  GPIOIntRegister               
00000c5d  GPIOIntTypeSet                
000006b9  GPIOPadConfigSet              
00000cb5  GPIOPinConfigure              
00000fb1  GPIOPinTypeGPIOInput          
00000f4d  GPIOPinTypeGPIOOutput         
00000fc7  GPIOPinTypeUART               
00001085  GPIOPinWrite                  
00000f81  GPIOUnlockPin                 
00000ab9  GREEN_LED                     
20000494  ISR                           
00000b8d  IntEnable                     
00000ff1  IntMasterEnable               
00000e49  IntRegister                   
00000383  IsDataAvailable               
00000a2d  LEDs_Init                     
2000048d  PC_Buffer_FULL                
2000048e  PC_Index                      
00000a59  RED_LED                       
20000470  RecievedBufferPC              
2000048c  Recived_Byte                  
00001043  ResetISR                      
20000490  Send_Flag                     
000009f3  SetCallBackFunction           
2000048f  State                         
000005a9  State_Chatting                
00000531  State_Idle                    
00000567  State_Listner                 
0000063b  Switch_Handler                
00000825  SysCtlClockGet                
00000e7d  SysCtlPeripheralEnable        
00000e11  SysCtlPeripheralReady         
0000104f  UARTCharGet                   
00001001  UARTCharGetNonBlocking        
00001059  UARTCharPut                   
0000100f  UARTCharsAvail                
00000d01  UARTConfigSetExpClk           
00000f11  UARTDisable                   
00000fdd  UARTEnable                    
00001063  UARTFIFODisable               
0000108b  UARTIntClear                  
00001077  UARTIntEnable                 
00000f99  UARTIntRegister               
20000470  __STACK_END                   
00000200  __STACK_SIZE                  
20000470  __STACK_TOP                   
000013f0  __TI_CINIT_Base               
00001408  __TI_CINIT_Limit              
000013d4  __TI_Handler_Table_Base       
000013e0  __TI_Handler_Table_Limit      
00000d8d  __TI_auto_init_nobinit_nopinit
00000bf5  __TI_decompress_lzss          
0000101d  __TI_decompress_none          
ffffffff  __TI_pprof_out_hndl           
ffffffff  __TI_prof_data_size           
ffffffff  __TI_prof_data_start          
00000000  __TI_static_base__            
00000f31  __TI_zero_init_nomemset       
00000af1  __aeabi_memcpy                
00000af1  __aeabi_memcpy4               
00000af1  __aeabi_memcpy8               
ffffffff  __binit__                     
ffffffff  __c_args__                    
UNDEFED   __mpu_init                    
20000270  __stack                       
20000000  __start___llvm_prf_cnts       
20000000  __stop___llvm_prf_cnts        
00000eb1  _c_int00_noargs               
UNDEFED   _system_post_cinit            
0000108f  _system_pre_init              
00001093  abort                         
20000480  arrFun                        
ffffffff  binit                         
00000987  button_INT                    
0000093d  buttons_Init                  
0000026d  data_transfer_init            
20000000  g_pfnRAMVectors               
00000000  g_pfnVectors                  
0000106d  main                          
00000af1  memcpy                        
00000377  recieve_byteECU               
00000317  recieve_bytePC                
00000335  send_BlockECU                 
00000405  send_StringPC                 
00000395  send_blockPC                  
00000323  send_byteECU                  
000003f3  send_bytePC                   


GLOBAL SYMBOLS: SORTED BY Symbol Address 

address   name                          
-------   ----                          
00000000  __TI_static_base__            
00000000  g_pfnVectors                  
00000200  __STACK_SIZE                  
0000026d  data_transfer_init            
00000317  recieve_bytePC                
00000323  send_byteECU                  
00000335  send_BlockECU                 
00000377  recieve_byteECU               
00000383  IsDataAvailable               
00000395  send_blockPC                  
000003f3  send_bytePC                   
00000405  send_StringPC                 
0000043b  Data_Transfer_Handler         
00000531  State_Idle                    
00000567  State_Listner                 
000005a9  State_Chatting                
00000611  Chat_Run                      
0000063b  Switch_Handler                
000006b9  GPIOPadConfigSet              
00000825  SysCtlClockGet                
0000093d  buttons_Init                  
00000987  button_INT                    
000009f3  SetCallBackFunction           
00000a03  GPIOF_Handler                 
00000a2d  LEDs_Init                     
00000a59  RED_LED                       
00000a89  BLUE_LED                      
00000ab9  GREEN_LED                     
00000af1  __aeabi_memcpy                
00000af1  __aeabi_memcpy4               
00000af1  __aeabi_memcpy8               
00000af1  memcpy                        
00000b8d  IntEnable                     
00000bf5  __TI_decompress_lzss          
00000c5d  GPIOIntTypeSet                
00000cb5  GPIOPinConfigure              
00000d01  UARTConfigSetExpClk           
00000d8d  __TI_auto_init_nobinit_nopinit
00000e11  SysCtlPeripheralReady         
00000e49  IntRegister                   
00000e7d  SysCtlPeripheralEnable        
00000eb1  _c_int00_noargs               
00000ee5  GPIODirModeSet                
00000f11  UARTDisable                   
00000f31  __TI_zero_init_nomemset       
00000f4d  GPIOPinTypeGPIOOutput         
00000f67  GPIOIntRegister               
00000f81  GPIOUnlockPin                 
00000f99  UARTIntRegister               
00000fb1  GPIOPinTypeGPIOInput          
00000fc7  GPIOPinTypeUART               
00000fdd  UARTEnable                    
00000ff1  IntMasterEnable               
00001001  UARTCharGetNonBlocking        
0000100f  UARTCharsAvail                
0000101d  __TI_decompress_none          
0000102b  CPUcpsie                      
00001037  GPIOIntEnable                 
00001043  ResetISR                      
0000104f  UARTCharGet                   
00001059  UARTCharPut                   
00001063  UARTFIFODisable               
0000106d  main                          
00001077  UARTIntEnable                 
0000107f  GPIOIntClear                  
00001085  GPIOPinWrite                  
0000108b  UARTIntClear                  
0000108f  _system_pre_init              
00001093  C$$EXIT                       
00001093  abort                         
000013d4  __TI_Handler_Table_Base       
000013e0  __TI_Handler_Table_Limit      
000013f0  __TI_CINIT_Base               
00001408  __TI_CINIT_Limit              
20000000  __start___llvm_prf_cnts       
20000000  __stop___llvm_prf_cnts        
20000000  g_pfnRAMVectors               
2000026c  Button_State                  
20000270  __stack                       
20000470  RecievedBufferPC              
20000470  __STACK_END                   
20000470  __STACK_TOP                   
20000480  arrFun                        
2000048c  Recived_Byte                  
2000048d  PC_Buffer_FULL                
2000048e  PC_Index                      
2000048f  State                         
20000490  Send_Flag                     
20000494  ISR                           
ffffffff  __TI_pprof_out_hndl           
ffffffff  __TI_prof_data_size           
ffffffff  __TI_prof_data_start          
ffffffff  __binit__                     
ffffffff  __c_args__                    
ffffffff  binit                         
UNDEFED   __mpu_init                    
UNDEFED   _system_post_cinit            

[97 symbols]
