******************************************************************************
                  TI ARM Linker PC v20.2.7                     
******************************************************************************
>> Linked Wed Sep  6 19:29:07 2023

OUTPUT FILE NAME:   <Data_Transfer_Project_V3.out>
ENTRY POINT SYMBOL: "_c_int00_noargs"  address: 00000e59


MEMORY CONFIGURATION

         name            origin    length      used     unused   attr    fill
----------------------  --------  ---------  --------  --------  ----  --------
  FLASH                 00000000   00040000  000013b6  0003ec4a  R  X
  SRAM                  20000000   00008000  000004e9  00007b17  RW X


SEGMENT ALLOCATION MAP

run origin  load origin   length   init length attrs members
----------  ----------- ---------- ----------- ----- -------
00000000    00000000    000013b8   000013b8    r-x
  00000000    00000000    0000026c   0000026c    r-- .intvecs
  0000026c    0000026c    00000dd2   00000dd2    r-x .text
  00001040    00001040    00000328   00000328    r-- .const
  00001368    00001368    00000050   00000050    r-- .cinit
20000000    20000000    000004ec   00000000    rw-
  20000000    20000000    0000026c   00000000    rw- .vtable
  2000026c    2000026c    00000001   00000000    rw- .bss
  20000270    20000270    00000200   00000000    rw- .stack
  20000470    20000470    0000007c   00000000    rw- .data


SECTION ALLOCATION MAP

 output                                  attributes/
section   page    origin      length       input sections
--------  ----  ----------  ----------   ----------------
.intvecs   0    00000000    0000026c     
                  00000000    0000026c     tm4c123gh6pm_startup_ccs.obj (.intvecs)

.text      0    0000026c    00000dd2     
                  0000026c    000002a8     Data_Transfer_program.obj (.text)
                  00000514    0000016c     driverlib.lib : gpio.obj (.text:GPIOPadConfigSet)
                  00000680    0000014c     Chat_program.obj (.text)
                  000007cc    00000118     driverlib.lib : sysctl.obj (.text:SysCtlClockGet)
                  000008e4    000000f0     button.obj (.text)
                  000009d4    000000c4     LEDs.obj (.text)
                  00000a98    0000009c     rtsv7M4_T_le_v4SPD16_eabi.lib : memcpy_t2.asm.obj (.text)
                  00000b34    00000068     driverlib.lib : interrupt.obj (.text:IntEnable)
                  00000b9c    00000068     rtsv7M4_T_le_v4SPD16_eabi.lib : copy_decompress_lzss.c.obj (.text:decompress:lzss:__TI_decompress_lzss)
                  00000c04    00000058     driverlib.lib : gpio.obj (.text:GPIOIntTypeSet)
                  00000c5c    0000004c                   : gpio.obj (.text:GPIOPinConfigure)
                  00000ca8    00000046                   : uart.obj (.text:UARTConfigSetExpClk)
                  00000cee    00000002     --HOLE-- [fill = 0]
                  00000cf0    00000044                   : gpio.obj (.text:_GPIOIntNumberGet)
                  00000d34    00000044     rtsv7M4_T_le_v4SPD16_eabi.lib : autoinit.c.obj (.text:__TI_auto_init_nobinit_nopinit:__TI_auto_init_nobinit_nopinit)
                  00000d78    00000040     driverlib.lib : uart.obj (.text:_UARTIntNumberGet)
                  00000db8    00000038                   : sysctl.obj (.text:SysCtlPeripheralReady)
                  00000df0    00000034                   : interrupt.obj (.text:IntRegister)
                  00000e24    00000034                   : sysctl.obj (.text:SysCtlPeripheralEnable)
                  00000e58    00000034     rtsv7M4_T_le_v4SPD16_eabi.lib : boot_cortex_m.c.obj (.text:_c_int00_noargs:_c_int00_noargs)
                  00000e8c    0000002c     driverlib.lib : gpio.obj (.text:GPIODirModeSet)
                  00000eb8    00000020                   : uart.obj (.text:UARTDisable)
                  00000ed8    0000001c     rtsv7M4_T_le_v4SPD16_eabi.lib : copy_zero_init.c.obj (.text:decompress:ZI:__TI_zero_init_nomemset:__TI_zero_init_nomemset)
                  00000ef4    0000001a     driverlib.lib : gpio.obj (.text:GPIOPinTypeGPIOOutput)
                  00000f0e    00000018                   : gpio.obj (.text:GPIOIntRegister)
                  00000f26    00000002     --HOLE-- [fill = 0]
                  00000f28    00000018                   : gpio.obj (.text:GPIOUnlockPin)
                  00000f40    00000018                   : uart.obj (.text:UARTIntRegister)
                  00000f58    00000016                   : gpio.obj (.text:GPIOPinTypeGPIOInput)
                  00000f6e    00000016                   : gpio.obj (.text:GPIOPinTypeUART)
                  00000f84    00000014                   : uart.obj (.text:UARTEnable)
                  00000f98    00000010                   : interrupt.obj (.text:IntMasterEnable)
                  00000fa8    0000000e                   : uart.obj (.text:UARTCharGetNonBlocking)
                  00000fb6    0000000e                   : uart.obj (.text:UARTCharsAvail)
                  00000fc4    0000000e     rtsv7M4_T_le_v4SPD16_eabi.lib : copy_decompress_none.c.obj (.text:decompress:none:__TI_decompress_none)
                  00000fd2    0000000c     driverlib.lib : cpu.obj (.text:CPUcpsie)
                  00000fde    0000000c                   : gpio.obj (.text:GPIOIntEnable)
                  00000fea    0000000c     tm4c123gh6pm_startup_ccs.obj (.text)
                  00000ff6    0000000a     driverlib.lib : uart.obj (.text:UARTCharGet)
                  00001000    0000000a                   : uart.obj (.text:UARTCharPut)
                  0000100a    0000000a                   : uart.obj (.text:UARTFIFODisable)
                  00001014    0000000a     main.obj (.text)
                  0000101e    00000008     driverlib.lib : uart.obj (.text:UARTIntEnable)
                  00001026    00000006                   : gpio.obj (.text:GPIOIntClear)
                  0000102c    00000006                   : gpio.obj (.text:GPIOPinWrite)
                  00001032    00000004                   : uart.obj (.text:UARTIntClear)
                  00001036    00000004     rtsv7M4_T_le_v4SPD16_eabi.lib : pre_init.c.obj (.text:_system_pre_init)
                  0000103a    00000004                                   : exit.c.obj (.text:abort:abort)

.const     0    00001040    00000328     
                  00001040    000000d8     driverlib.lib : gpio.obj (.const:g_ppui32GPIOIntMapSnowflake)
                  00001118    000000c0                   : gpio.obj (.const:g_ppui32GPIOIntMapBlizzard)
                  000011d8    00000090                   : gpio.obj (.const:g_pui32GPIOBaseAddrs)
                  00001268    0000006c                   : sysctl.obj (.const:g_pui32Xtals)
                  000012d4    00000040                   : uart.obj (.const:g_ppui32UARTIntMap)
                  00001314    00000040                   : uart.obj (.const:g_ppui32UARTIntMapSnowflake)
                  00001354    00000014                   : interrupt.obj (.const:g_pui32EnRegs)

.cinit     0    00001368    00000050     
                  00001368    00000015     (.cinit..data.load) [load image, compression = lzss]
                  0000137d    00000003     --HOLE-- [fill = 0]
                  00001380    0000000c     (__TI_handler_table)
                  0000138c    00000004     --HOLE-- [fill = 0]
                  00001390    00000008     (.cinit..bss.load) [load image, compression = zero_init]
                  00001398    00000008     (.cinit..vtable.load) [load image, compression = zero_init]
                  000013a0    00000018     (__TI_cinit_table)

.init_array 
*          0    00000000    00000000     UNINITIALIZED

.vtable    0    20000000    0000026c     UNINITIALIZED
                  20000000    0000026c     driverlib.lib : interrupt.obj (.vtable)

.bss       0    2000026c    00000001     UNINITIALIZED
                  2000026c    00000001     (.common:Button_State)

.data      0    20000470    0000007c     UNINITIALIZED
                  20000470    00000064     Data_Transfer_program.obj (.data:RecievedBufferPC)
                  200004d4    0000000c     Chat_program.obj (.data:arrFun)
                  200004e0    00000005     Data_Transfer_program.obj (.data)
                  200004e5    00000003     --HOLE--
                  200004e8    00000004     button.obj (.data)

.stack     0    20000270    00000200     UNINITIALIZED
                  20000270    00000004     rtsv7M4_T_le_v4SPD16_eabi.lib : boot_cortex_m.c.obj (.stack)
                  20000274    000001fc     --HOLE--

__llvm_prf_cnts 
*          0    20000000    00000000     UNINITIALIZED

MODULE SUMMARY

       Module                         code   ro data   rw data
       ------                         ----   -------   -------
    .\
       tm4c123gh6pm_startup_ccs.obj   12     620       0      
       main.obj                       10     0         0      
    +--+------------------------------+------+---------+---------+
       Total:                         22     620       0      
                                                              
    .\APP\SRC\
       Chat_program.obj               332    0         13     
    +--+------------------------------+------+---------+---------+
       Total:                         332    0         13     
                                                              
    .\HAL\
       button.obj                     240    0         4      
       LEDs.obj                       196    0         0      
    +--+------------------------------+------+---------+---------+
       Total:                         436    0         4      
                                                              
    .\HAL\Data_Transfer\SRC\
       Data_Transfer_program.obj      680    0         105    
    +--+------------------------------+------+---------+---------+
       Total:                         680    0         105    
                                                              
    C:/ti/TivaWare_C_Series-2.2.0.295/driverlib/ccs/Debug/driverlib.lib
       gpio.obj                       782    552       0      
       interrupt.obj                  172    20        620    
       sysctl.obj                     388    108       0      
       uart.obj                       280    128       0      
       cpu.obj                        12     0         0      
    +--+------------------------------+------+---------+---------+
       Total:                         1634   808       620    
                                                              
    C:\ti\ccs1240\ccs\tools\compiler\ti-cgt-arm_20.2.7.LTS\lib\rtsv7M4_T_le_v4SPD16_eabi.lib
       memcpy_t2.asm.obj              156    0         0      
       copy_decompress_lzss.c.obj     104    0         0      
       autoinit.c.obj                 68     0         0      
       boot_cortex_m.c.obj            52     0         0      
       copy_zero_init.c.obj           28     0         0      
       copy_decompress_none.c.obj     14     0         0      
       exit.c.obj                     4      0         0      
       pre_init.c.obj                 4      0         0      
    +--+------------------------------+------+---------+---------+
       Total:                         430    0         0      
                                                              
       Stack:                         0      0         512    
       Linker Generated:              0      73        0      
    +--+------------------------------+------+---------+---------+
       Grand Total:                   3534   1501      1254   


LINKER GENERATED COPY TABLES

__TI_cinit_table @ 000013a0 records: 3, size/record: 8, table size: 24
	.data: load addr=00001368, load size=00000015 bytes, run addr=20000470, run size=0000007c bytes, compression=lzss
	.bss: load addr=00001390, load size=00000008 bytes, run addr=2000026c, run size=00000001 bytes, compression=zero_init
	.vtable: load addr=00001398, load size=00000008 bytes, run addr=20000000, run size=0000026c bytes, compression=zero_init


LINKER GENERATED HANDLER TABLE

__TI_handler_table @ 00001380 records: 3, size/record: 4, table size: 12
	index: 0, handler: __TI_zero_init
	index: 1, handler: __TI_decompress_lzss
	index: 2, handler: __TI_decompress_none


GLOBAL SYMBOLS: SORTED ALPHABETICALLY BY Name 

address   name                          
-------   ----                          
00000a31  BLUE_LED                      
2000026c  Button_State                  
0000103b  C$$EXIT                       
00000fd3  CPUcpsie                      
0000072b  Chat_Run                      
0000043b  Data_Transfer_Handler         
00000e8d  GPIODirModeSet                
000009ab  GPIOF_Handler                 
00001027  GPIOIntClear                  
00000fdf  GPIOIntEnable                 
00000f0f  GPIOIntRegister               
00000c05  GPIOIntTypeSet                
00000515  GPIOPadConfigSet              
00000c5d  GPIOPinConfigure              
00000f59  GPIOPinTypeGPIOInput          
00000ef5  GPIOPinTypeGPIOOutput         
00000f6f  GPIOPinTypeUART               
0000102d  GPIOPinWrite                  
00000f29  GPIOUnlockPin                 
00000a61  GREEN_LED                     
200004e8  ISR                           
00000b35  IntEnable                     
00000f99  IntMasterEnable               
00000df1  IntRegister                   
00000383  IsDataAvailable               
000009d5  LEDs_Init                     
200004e1  PC_Buffer_FULL                
200004e2  PC_Index                      
00000a01  RED_LED                       
20000470  RecievedBufferPC              
200004e0  Recived_Byte                  
00000feb  ResetISR                      
200004e4  Send_Flag                     
0000099b  SetCallBackFunction           
200004e3  State                         
000006d5  State_Chatting                
00000681  State_Idle                    
000006a5  State_Listner                 
00000755  Switch_Handler                
000007cd  SysCtlClockGet                
00000e25  SysCtlPeripheralEnable        
00000db9  SysCtlPeripheralReady         
00000ff7  UARTCharGet                   
00000fa9  UARTCharGetNonBlocking        
00001001  UARTCharPut                   
00000fb7  UARTCharsAvail                
00000ca9  UARTConfigSetExpClk           
00000eb9  UARTDisable                   
00000f85  UARTEnable                    
0000100b  UARTFIFODisable               
00001033  UARTIntClear                  
0000101f  UARTIntEnable                 
00000f41  UARTIntRegister               
20000470  __STACK_END                   
00000200  __STACK_SIZE                  
20000470  __STACK_TOP                   
000013a0  __TI_CINIT_Base               
000013b8  __TI_CINIT_Limit              
00001380  __TI_Handler_Table_Base       
0000138c  __TI_Handler_Table_Limit      
00000d35  __TI_auto_init_nobinit_nopinit
00000b9d  __TI_decompress_lzss          
00000fc5  __TI_decompress_none          
ffffffff  __TI_pprof_out_hndl           
ffffffff  __TI_prof_data_size           
ffffffff  __TI_prof_data_start          
00000000  __TI_static_base__            
00000ed9  __TI_zero_init_nomemset       
00000a99  __aeabi_memcpy                
00000a99  __aeabi_memcpy4               
00000a99  __aeabi_memcpy8               
ffffffff  __binit__                     
ffffffff  __c_args__                    
UNDEFED   __mpu_init                    
20000270  __stack                       
20000000  __start___llvm_prf_cnts       
20000000  __stop___llvm_prf_cnts        
00000e59  _c_int00_noargs               
UNDEFED   _system_post_cinit            
00001037  _system_pre_init              
0000103b  abort                         
200004d4  arrFun                        
ffffffff  binit                         
0000092f  button_INT                    
000008e5  buttons_Init                  
0000026d  data_transfer_init            
20000000  g_pfnRAMVectors               
00000000  g_pfnVectors                  
00001015  main                          
00000a99  memcpy                        
00000377  recieve_byteECU               
00000317  recieve_bytePC                
00000335  send_BlockECU                 
00000405  send_StringPC                 
00000395  send_blockPC                  
00000323  send_byteECU                  
000003f3  send_bytePC                   


GLOBAL SYMBOLS: SORTED BY Symbol Address 

address   name                          
-------   ----                          
00000000  __TI_static_base__            
00000000  g_pfnVectors                  
00000200  __STACK_SIZE                  
0000026d  data_transfer_init            
00000317  recieve_bytePC                
00000323  send_byteECU                  
00000335  send_BlockECU                 
00000377  recieve_byteECU               
00000383  IsDataAvailable               
00000395  send_blockPC                  
000003f3  send_bytePC                   
00000405  send_StringPC                 
0000043b  Data_Transfer_Handler         
00000515  GPIOPadConfigSet              
00000681  State_Idle                    
000006a5  State_Listner                 
000006d5  State_Chatting                
0000072b  Chat_Run                      
00000755  Switch_Handler                
000007cd  SysCtlClockGet                
000008e5  buttons_Init                  
0000092f  button_INT                    
0000099b  SetCallBackFunction           
000009ab  GPIOF_Handler                 
000009d5  LEDs_Init                     
00000a01  RED_LED                       
00000a31  BLUE_LED                      
00000a61  GREEN_LED                     
00000a99  __aeabi_memcpy                
00000a99  __aeabi_memcpy4               
00000a99  __aeabi_memcpy8               
00000a99  memcpy                        
00000b35  IntEnable                     
00000b9d  __TI_decompress_lzss          
00000c05  GPIOIntTypeSet                
00000c5d  GPIOPinConfigure              
00000ca9  UARTConfigSetExpClk           
00000d35  __TI_auto_init_nobinit_nopinit
00000db9  SysCtlPeripheralReady         
00000df1  IntRegister                   
00000e25  SysCtlPeripheralEnable        
00000e59  _c_int00_noargs               
00000e8d  GPIODirModeSet                
00000eb9  UARTDisable                   
00000ed9  __TI_zero_init_nomemset       
00000ef5  GPIOPinTypeGPIOOutput         
00000f0f  GPIOIntRegister               
00000f29  GPIOUnlockPin                 
00000f41  UARTIntRegister               
00000f59  GPIOPinTypeGPIOInput          
00000f6f  GPIOPinTypeUART               
00000f85  UARTEnable                    
00000f99  IntMasterEnable               
00000fa9  UARTCharGetNonBlocking        
00000fb7  UARTCharsAvail                
00000fc5  __TI_decompress_none          
00000fd3  CPUcpsie                      
00000fdf  GPIOIntEnable                 
00000feb  ResetISR                      
00000ff7  UARTCharGet                   
00001001  UARTCharPut                   
0000100b  UARTFIFODisable               
00001015  main                          
0000101f  UARTIntEnable                 
00001027  GPIOIntClear                  
0000102d  GPIOPinWrite                  
00001033  UARTIntClear                  
00001037  _system_pre_init              
0000103b  C$$EXIT                       
0000103b  abort                         
00001380  __TI_Handler_Table_Base       
0000138c  __TI_Handler_Table_Limit      
000013a0  __TI_CINIT_Base               
000013b8  __TI_CINIT_Limit              
20000000  __start___llvm_prf_cnts       
20000000  __stop___llvm_prf_cnts        
20000000  g_pfnRAMVectors               
2000026c  Button_State                  
20000270  __stack                       
20000470  RecievedBufferPC              
20000470  __STACK_END                   
20000470  __STACK_TOP                   
200004d4  arrFun                        
200004e0  Recived_Byte                  
200004e1  PC_Buffer_FULL                
200004e2  PC_Index                      
200004e3  State                         
200004e4  Send_Flag                     
200004e8  ISR                           
ffffffff  __TI_pprof_out_hndl           
ffffffff  __TI_prof_data_size           
ffffffff  __TI_prof_data_start          
ffffffff  __binit__                     
ffffffff  __c_args__                    
ffffffff  binit                         
UNDEFED   __mpu_init                    
UNDEFED   _system_post_cinit            

[97 symbols]
