******************************************************************************
                  TI ARM Linker PC v20.2.7                     
******************************************************************************
>> Linked Sun Sep  3 15:13:26 2023

OUTPUT FILE NAME:   <uartprogect2.out>
ENTRY POINT SYMBOL: "_c_int00_noargs"  address: 000009f9


MEMORY CONFIGURATION

         name            origin    length      used     unused   attr    fill
----------------------  --------  ---------  --------  --------  ----  --------
  FLASH                 00000000   00040000  00000d20  0003f2e0  R  X
  SRAM                  20000000   00008000  00000539  00007ac7  RW X


SEGMENT ALLOCATION MAP

run origin  load origin   length   init length attrs members
----------  ----------- ---------- ----------- ----- -------
00000000    00000000    00000d20   00000d20    r-x
  00000000    00000000    0000026c   0000026c    r-- .intvecs
  0000026c    0000026c    000008f4   000008f4    r-x .text
  00000b60    00000b60    00000190   00000190    r-- .const
  00000cf0    00000cf0    00000030   00000030    r-- .cinit
20000000    20000000    0000053d   00000000    rw-
  20000000    20000000    0000026c   00000000    rw- .vtable
  20000270    20000270    00000200   00000000    rw- .stack
  20000470    20000470    000000cd   00000000    rw- .data


SECTION ALLOCATION MAP

 output                                  attributes/
section   page    origin      length       input sections
--------  ----  ----------  ----------   ----------------
.intvecs   0    00000000    0000026c     
                  00000000    0000026c     tm4c123gh6pm_startup_ccs.obj (.intvecs)

.text      0    0000026c    000008f4     
                  0000026c    000001e4     Data_Transfer_program.obj (.text)
                  00000450    0000016c     driverlib.lib : gpio.obj (.text:GPIOPadConfigSet)
                  000005bc    00000118                   : sysctl.obj (.text:SysCtlClockGet)
                  000006d4    0000009c     rtsv7M4_T_le_v4SPD16_eabi.lib : memcpy_t2.asm.obj (.text)
                  00000770    00000068     driverlib.lib : interrupt.obj (.text:IntEnable)
                  000007d8    00000068     rtsv7M4_T_le_v4SPD16_eabi.lib : copy_decompress_lzss.c.obj (.text:decompress:lzss:__TI_decompress_lzss)
                  00000840    0000004c     driverlib.lib : gpio.obj (.text:GPIOPinConfigure)
                  0000088c    00000046                   : uart.obj (.text:UARTConfigSetExpClk)
                  000008d2    00000002     --HOLE-- [fill = 0]
                  000008d4    00000044     rtsv7M4_T_le_v4SPD16_eabi.lib : autoinit.c.obj (.text:__TI_auto_init_nobinit_nopinit:__TI_auto_init_nobinit_nopinit)
                  00000918    00000040     driverlib.lib : uart.obj (.text:_UARTIntNumberGet)
                  00000958    00000038                   : sysctl.obj (.text:SysCtlPeripheralReady)
                  00000990    00000034                   : interrupt.obj (.text:IntRegister)
                  000009c4    00000034                   : sysctl.obj (.text:SysCtlPeripheralEnable)
                  000009f8    00000034     rtsv7M4_T_le_v4SPD16_eabi.lib : boot_cortex_m.c.obj (.text:_c_int00_noargs:_c_int00_noargs)
                  00000a2c    00000030     main.obj (.text)
                  00000a5c    0000002c     driverlib.lib : gpio.obj (.text:GPIODirModeSet)
                  00000a88    00000020                   : uart.obj (.text:UARTDisable)
                  00000aa8    0000001c     rtsv7M4_T_le_v4SPD16_eabi.lib : copy_zero_init.c.obj (.text:decompress:ZI:__TI_zero_init_nomemset:__TI_zero_init_nomemset)
                  00000ac4    00000018     driverlib.lib : uart.obj (.text:UARTIntRegister)
                  00000adc    00000016                   : gpio.obj (.text:GPIOPinTypeUART)
                  00000af2    00000014                   : uart.obj (.text:UARTEnable)
                  00000b06    0000000e                   : uart.obj (.text:UARTCharGetNonBlocking)
                  00000b14    0000000e     rtsv7M4_T_le_v4SPD16_eabi.lib : copy_decompress_none.c.obj (.text:decompress:none:__TI_decompress_none)
                  00000b22    0000000c     tm4c123gh6pm_startup_ccs.obj (.text)
                  00000b2e    0000000a     driverlib.lib : uart.obj (.text:UARTCharGet)
                  00000b38    0000000a                   : uart.obj (.text:UARTCharPut)
                  00000b42    0000000a                   : uart.obj (.text:UARTFIFODisable)
                  00000b4c    00000008                   : uart.obj (.text:UARTIntEnable)
                  00000b54    00000004                   : uart.obj (.text:UARTIntClear)
                  00000b58    00000004     rtsv7M4_T_le_v4SPD16_eabi.lib : pre_init.c.obj (.text:_system_pre_init)
                  00000b5c    00000004                                   : exit.c.obj (.text:abort:abort)

.const     0    00000b60    00000190     
                  00000b60    00000090     driverlib.lib : gpio.obj (.const:g_pui32GPIOBaseAddrs)
                  00000bf0    0000006c                   : sysctl.obj (.const:g_pui32Xtals)
                  00000c5c    00000040                   : uart.obj (.const:g_ppui32UARTIntMap)
                  00000c9c    00000040                   : uart.obj (.const:g_ppui32UARTIntMapSnowflake)
                  00000cdc    00000014                   : interrupt.obj (.const:g_pui32EnRegs)

.cinit     0    00000cf0    00000030     
                  00000cf0    0000000c     (__TI_handler_table)
                  00000cfc    00000009     (.cinit..data.load) [load image, compression = lzss]
                  00000d05    00000003     --HOLE-- [fill = 0]
                  00000d08    00000008     (.cinit..vtable.load) [load image, compression = zero_init]
                  00000d10    00000010     (__TI_cinit_table)

.init_array 
*          0    00000000    00000000     UNINITIALIZED

.vtable    0    20000000    0000026c     UNINITIALIZED
                  20000000    0000026c     driverlib.lib : interrupt.obj (.vtable)

.data      0    20000470    000000cd     UNINITIALIZED
                  20000470    000000c8     Data_Transfer_program.obj (.data:RecievedBufferPC)
                  20000538    00000005     Data_Transfer_program.obj (.data)

.stack     0    20000270    00000200     UNINITIALIZED
                  20000270    00000004     rtsv7M4_T_le_v4SPD16_eabi.lib : boot_cortex_m.c.obj (.stack)
                  20000274    000001fc     --HOLE--

__llvm_prf_cnts 
*          0    20000000    00000000     UNINITIALIZED

MODULE SUMMARY

       Module                         code   ro data   rw data
       ------                         ----   -------   -------
    .\
       tm4c123gh6pm_startup_ccs.obj   12     620       0      
       main.obj                       48     0         0      
    +--+------------------------------+------+---------+---------+
       Total:                         60     620       0      
                                                              
    .\HAL\Data_Transfer\SRC\
       Data_Transfer_program.obj      484    0         205    
    +--+------------------------------+------+---------+---------+
       Total:                         484    0         205    
                                                              
    C:/ti/TivaWare_C_Series-2.2.0.295/driverlib/ccs/Debug/driverlib.lib
       interrupt.obj                  156    20        620    
       gpio.obj                       506    144       0      
       sysctl.obj                     388    108       0      
       uart.obj                       266    128       0      
    +--+------------------------------+------+---------+---------+
       Total:                         1316   400       620    
                                                              
    C:\ti\ccs1240\ccs\tools\compiler\ti-cgt-arm_20.2.7.LTS\lib\rtsv7M4_T_le_v4SPD16_eabi.lib
       memcpy_t2.asm.obj              156    0         0      
       copy_decompress_lzss.c.obj     104    0         0      
       autoinit.c.obj                 68     0         0      
       boot_cortex_m.c.obj            52     0         0      
       copy_zero_init.c.obj           28     0         0      
       copy_decompress_none.c.obj     14     0         0      
       exit.c.obj                     4      0         0      
       pre_init.c.obj                 4      0         0      
    +--+------------------------------+------+---------+---------+
       Total:                         430    0         0      
                                                              
       Stack:                         0      0         512    
       Linker Generated:              0      45        0      
    +--+------------------------------+------+---------+---------+
       Grand Total:                   2290   1065      1337   


LINKER GENERATED COPY TABLES

__TI_cinit_table @ 00000d10 records: 2, size/record: 8, table size: 16
	.data: load addr=00000cfc, load size=00000009 bytes, run addr=20000470, run size=000000cd bytes, compression=lzss
	.vtable: load addr=00000d08, load size=00000008 bytes, run addr=20000000, run size=0000026c bytes, compression=zero_init


LINKER GENERATED HANDLER TABLE

__TI_handler_table @ 00000cf0 records: 3, size/record: 4, table size: 12
	index: 0, handler: __TI_zero_init
	index: 1, handler: __TI_decompress_lzss
	index: 2, handler: __TI_decompress_none


GLOBAL SYMBOLS: SORTED ALPHABETICALLY BY Name 

address   name                          
-------   ----                          
00000b5d  C$$EXIT                       
000003c3  Data_Transfer_Handler         
00000a5d  GPIODirModeSet                
00000451  GPIOPadConfigSet              
00000841  GPIOPinConfigure              
00000add  GPIOPinTypeUART               
00000771  IntEnable                     
00000991  IntRegister                   
20000539  PC_Buffer_FULL                
2000053a  PC_Index                      
20000470  RecievedBufferPC              
20000538  Recived_Byte                  
00000b23  ResetISR                      
2000053c  Send_Flag                     
2000053b  State                         
000005bd  SysCtlClockGet                
000009c5  SysCtlPeripheralEnable        
00000959  SysCtlPeripheralReady         
00000b2f  UARTCharGet                   
00000b07  UARTCharGetNonBlocking        
00000b39  UARTCharPut                   
0000088d  UARTConfigSetExpClk           
00000a89  UARTDisable                   
00000af3  UARTEnable                    
00000b43  UARTFIFODisable               
00000b55  UARTIntClear                  
00000b4d  UARTIntEnable                 
00000ac5  UARTIntRegister               
20000470  __STACK_END                   
00000200  __STACK_SIZE                  
20000470  __STACK_TOP                   
00000d10  __TI_CINIT_Base               
00000d20  __TI_CINIT_Limit              
00000cf0  __TI_Handler_Table_Base       
00000cfc  __TI_Handler_Table_Limit      
000008d5  __TI_auto_init_nobinit_nopinit
000007d9  __TI_decompress_lzss          
00000b15  __TI_decompress_none          
ffffffff  __TI_pprof_out_hndl           
ffffffff  __TI_prof_data_size           
ffffffff  __TI_prof_data_start          
00000000  __TI_static_base__            
00000aa9  __TI_zero_init_nomemset       
000006d5  __aeabi_memcpy                
000006d5  __aeabi_memcpy4               
000006d5  __aeabi_memcpy8               
ffffffff  __binit__                     
ffffffff  __c_args__                    
UNDEFED   __mpu_init                    
20000270  __stack                       
20000000  __start___llvm_prf_cnts       
20000000  __stop___llvm_prf_cnts        
000009f9  _c_int00_noargs               
UNDEFED   _system_post_cinit            
00000b59  _system_pre_init              
00000b5d  abort                         
ffffffff  binit                         
0000026d  data_transfer_init            
20000000  g_pfnRAMVectors               
00000000  g_pfnVectors                  
00000a2d  main                          
000006d5  memcpy                        
00000347  recieve_byteECU               
00000329  recieve_bytePC                
00000389  send_BlockECU                 
00000353  send_StringPC                 
00000335  send_byteECU                  
00000317  send_bytePC                   


GLOBAL SYMBOLS: SORTED BY Symbol Address 

address   name                          
-------   ----                          
00000000  __TI_static_base__            
00000000  g_pfnVectors                  
00000200  __STACK_SIZE                  
0000026d  data_transfer_init            
00000317  send_bytePC                   
00000329  recieve_bytePC                
00000335  send_byteECU                  
00000347  recieve_byteECU               
00000353  send_StringPC                 
00000389  send_BlockECU                 
000003c3  Data_Transfer_Handler         
00000451  GPIOPadConfigSet              
000005bd  SysCtlClockGet                
000006d5  __aeabi_memcpy                
000006d5  __aeabi_memcpy4               
000006d5  __aeabi_memcpy8               
000006d5  memcpy                        
00000771  IntEnable                     
000007d9  __TI_decompress_lzss          
00000841  GPIOPinConfigure              
0000088d  UARTConfigSetExpClk           
000008d5  __TI_auto_init_nobinit_nopinit
00000959  SysCtlPeripheralReady         
00000991  IntRegister                   
000009c5  SysCtlPeripheralEnable        
000009f9  _c_int00_noargs               
00000a2d  main                          
00000a5d  GPIODirModeSet                
00000a89  UARTDisable                   
00000aa9  __TI_zero_init_nomemset       
00000ac5  UARTIntRegister               
00000add  GPIOPinTypeUART               
00000af3  UARTEnable                    
00000b07  UARTCharGetNonBlocking        
00000b15  __TI_decompress_none          
00000b23  ResetISR                      
00000b2f  UARTCharGet                   
00000b39  UARTCharPut                   
00000b43  UARTFIFODisable               
00000b4d  UARTIntEnable                 
00000b55  UARTIntClear                  
00000b59  _system_pre_init              
00000b5d  C$$EXIT                       
00000b5d  abort                         
00000cf0  __TI_Handler_Table_Base       
00000cfc  __TI_Handler_Table_Limit      
00000d10  __TI_CINIT_Base               
00000d20  __TI_CINIT_Limit              
20000000  __start___llvm_prf_cnts       
20000000  __stop___llvm_prf_cnts        
20000000  g_pfnRAMVectors               
20000270  __stack                       
20000470  RecievedBufferPC              
20000470  __STACK_END                   
20000470  __STACK_TOP                   
20000538  Recived_Byte                  
20000539  PC_Buffer_FULL                
2000053a  PC_Index                      
2000053b  State                         
2000053c  Send_Flag                     
ffffffff  __TI_pprof_out_hndl           
ffffffff  __TI_prof_data_size           
ffffffff  __TI_prof_data_start          
ffffffff  __binit__                     
ffffffff  __c_args__                    
ffffffff  binit                         
UNDEFED   __mpu_init                    
UNDEFED   _system_post_cinit            

[68 symbols]
